<?xml version="1.0" encoding="UTF-8"?>
<TestRun id="c0a209b0-5f83-425a-9366-d594b0951fde" name="cyc@CYC-PC 2019-03-28 12:38:16" runUser="cyc-PC\cyc" xmlns="http://microsoft.com/schemas/VisualStudio/TeamTest/2010">
  <TestSettings name="本地" id="268473a4-53f3-4156-b567-9db06bdf554a">
    <Description>这些设置为本地测试运行的默认测试设置。</Description>
    <Deployment enabled="false" runDeploymentRoot="cyc_CYC-PC 2019-03-28 12_38_16">
      <DeploymentItem filename="C:\Users\cyc\Desktop\Calculator\xuyixiaowoaini\ConsoleApplication2\ConsoleApplication2\bin\Debug\ConsoleApplication2.exe" />
    </Deployment>
    <Execution>
      <TestTypeSpecific />
      <AgentRule name="Execution Agents">
      </AgentRule>
    </Execution>
  </TestSettings>
  <Times creation="2019-03-28T12:38:16.0926781+08:00" queuing="2019-03-28T12:38:16.1082781+08:00" start="2019-03-28T12:38:16.1394782+08:00" finish="2019-03-28T12:38:16.4982788+08:00" />
  <ResultSummary outcome="Completed">
    <Counters total="2" executed="2" passed="2" error="0" failed="0" timeout="0" aborted="0" inconclusive="0" passedButRunAborted="0" notRunnable="0" notExecuted="0" disconnected="0" warning="0" completed="0" inProgress="0" pending="0" />
  </ResultSummary>
  <TestDefinitions>
    <UnitTest name="SolveTest" storage="c:\users\cyc\desktop\calculator\xuyixiaowoaini\consoleapplication2\testproject2\bin\debug\testproject2.dll" id="9727eff1-cbc6-b6f7-fed2-853d2548c645">
      <Execution id="15cf642e-2c53-4f19-99b3-be1a455d171f" />
      <TestMethod codeBase="C:/Users/cyc/Desktop/Calculator/xuyixiaowoaini/ConsoleApplication2/TestProject2/bin/Debug/TestProject2.DLL" adapterTypeName="Microsoft.VisualStudio.TestTools.TestTypes.Unit.UnitTestAdapter, Microsoft.VisualStudio.QualityTools.Tips.UnitTest.Adapter, Version=10.0.0.0, Culture=neutral, PublicKeyToken=b03f5f7f11d50a3a" className="TestProject2.UnitTest1, TestProject2, Version=1.0.0.0, Culture=neutral, PublicKeyToken=null" name="SolveTest" />
    </UnitTest>
    <UnitTest name="MakeFormulaTest" storage="c:\users\cyc\desktop\calculator\xuyixiaowoaini\consoleapplication2\testproject2\bin\debug\testproject2.dll" id="25e188f6-53b7-f303-dfd5-11a0c1780463">
      <Execution id="7436503d-9963-4bda-a599-6ad30870ade9" />
      <TestMethod codeBase="C:/Users/cyc/Desktop/Calculator/xuyixiaowoaini/ConsoleApplication2/TestProject2/bin/Debug/TestProject2.DLL" adapterTypeName="Microsoft.VisualStudio.TestTools.TestTypes.Unit.UnitTestAdapter, Microsoft.VisualStudio.QualityTools.Tips.UnitTest.Adapter, Version=10.0.0.0, Culture=neutral, PublicKeyToken=b03f5f7f11d50a3a" className="TestProject2.UnitTest1, TestProject2, Version=1.0.0.0, Culture=neutral, PublicKeyToken=null" name="MakeFormulaTest" />
    </UnitTest>
  </TestDefinitions>
  <TestLists>
    <TestList name="列表中未列出的结果" id="8c84fa94-04c1-424b-9868-57a2d4851a1d" />
    <TestList name="所有已加载的结果" id="19431567-8539-422a-85d7-44ee4e166bda" />
  </TestLists>
  <TestEntries>
    <TestEntry testId="25e188f6-53b7-f303-dfd5-11a0c1780463" executionId="7436503d-9963-4bda-a599-6ad30870ade9" testListId="8c84fa94-04c1-424b-9868-57a2d4851a1d" />
    <TestEntry testId="9727eff1-cbc6-b6f7-fed2-853d2548c645" executionId="15cf642e-2c53-4f19-99b3-be1a455d171f" testListId="8c84fa94-04c1-424b-9868-57a2d4851a1d" />
  </TestEntries>
  <Results>
    <UnitTestResult executionId="7436503d-9963-4bda-a599-6ad30870ade9" testId="25e188f6-53b7-f303-dfd5-11a0c1780463" testName="MakeFormulaTest" computerName="CYC-PC" duration="00:00:00.0153399" startTime="2019-03-28T12:38:16.1550782+08:00" endTime="2019-03-28T12:38:16.4670788+08:00" testType="13cdc9d9-ddb5-4fa4-a97d-d965ccfc6d4b" outcome="Passed" testListId="8c84fa94-04c1-424b-9868-57a2d4851a1d" relativeResultsDirectory="7436503d-9963-4bda-a599-6ad30870ade9">
    </UnitTestResult>
    <UnitTestResult executionId="15cf642e-2c53-4f19-99b3-be1a455d171f" testId="9727eff1-cbc6-b6f7-fed2-853d2548c645" testName="SolveTest" computerName="CYC-PC" duration="00:00:00.0005811" startTime="2019-03-28T12:38:16.4670788+08:00" endTime="2019-03-28T12:38:16.4826788+08:00" testType="13cdc9d9-ddb5-4fa4-a97d-d965ccfc6d4b" outcome="Passed" testListId="8c84fa94-04c1-424b-9868-57a2d4851a1d" relativeResultsDirectory="15cf642e-2c53-4f19-99b3-be1a455d171f">
    </UnitTestResult>
  </Results>
</TestRun>